*****************************************************************
Pin Report - Date: Sun Jun 10 08:47:58 2018 Pinchecksum: NOT-AVAILABLE
Product: Designer
Release: Libero SoC v11.8 SP2
Version: 11.8.2.4
Design Name: DMAAPB
Family: SmartFusion2
Die: M2S010
Package: 144 TQ
*****************************************************************

Port       |Pin |Fixed |Function            |Bank     |I/O Std   |Direction                      |I/O state in Flash*Freeze mode |Resistor Pull                      |I/O available in Flash*Freeze mode |Schmitt Trigger |Odt_Static    |Odt Imp (Ohm)  |Low Power Exit |Input Delay |Slew         |Pre-Emphasis      |Output Drive (mA) |Output Load (pF) |
-----------|----|------|--------------------|---------|----------|-------------------------------|-------------------------------|-----------------------------------|-----------------------------------|----------------|--------------|---------------|---------------|------------|-------------|------------------|------------------|-----------------|
DEVRST_N    72   Fixed  DEVRST_N             ---       
GPIO_0_M2F  100  Yes    MSIO12PB2/SPI_0_CLK  Bank2     LVCMOS25   Output                          TRISTATE                        None                                No                                  ---              ---            ---             ---             ---          SLOW          ---                4                  5                 
